[2026-08-27 08:38:05] Local changes detected:  D sync.log
[2026-08-27 08:38:05] Executing sync script...
[2026-08-27 08:38:05] Starting sync...
[2026-08-27 08:38:05] Fetching from origin...
[2026-08-27 08:38:05] Local changes detected. Staging and committing...
[main 5b79784] Auto-commit: saved changes at 2026-08-27 08:38:05
 1 file changed, 0 insertions(+), 0 deletions(-)
[2026-08-27 08:38:05] Syncing with origin/main...
git : error: cannot pull with rebase: You have unstaged changes.
At C:\Users\Anjali\OneDrive\Desktop\webfusion\sync.ps1:36 char:5
+     git pull --rebase origin main
+     ~~~~~~~~~~~~~~~~~~~~~~~~~~~~~
    + CategoryInfo          : NotSpecified: (error: cannot p...staged changes.:String) [], RemoteException
    + FullyQualifiedErrorId : NativeCommandError
 
error: Please commit or stash them.
git : To https://github.com/Aditya-hub28/webfusion-.git
At C:\Users\Anjali\OneDrive\Desktop\webfusion\sync.ps1:39 char:5
+     git push origin main
+     ~~~~~~~~~~~~~~~~~~~~
    + CategoryInfo          : NotSpecified: (To https://gith.../webfusion-.git:String) [], RemoteException
    + FullyQualifiedErrorId : NativeCommandError
 
   58aeeee..5b79784  main -> main
git : Everything up-to-date
At C:\Users\Anjali\OneDrive\Desktop\webfusion\sync.ps1:46 char:5
+     git push origin main
+     ~~~~~~~~~~~~~~~~~~~~
    + CategoryInfo          : NotSpecified: (Everything up-to-date:String) [], RemoteException
    + FullyQualifiedErrorId : NativeCommandError
 
[2026-08-27 08:38:11] Sync completed.
[2026-08-27 08:38:21] Local changes detected:  M sync.log ?? .gitignore
[2026-08-27 08:38:21] Executing sync script...
[2026-08-27 08:38:21] Starting sync...
[2026-08-27 08:38:21] Fetching from origin...
